---
source: src/lexer/test.rs
expression: snapshot_lexing(contents)
---
fn main() {
^^ Fn((0,0)->(0,2))
   ^^^^ Ident 'main' (0,3)->(0,7)
       ^ CtrlLParan '(' (0,7)->(0,8)
        ^ CtrlRParan ')' (0,8)->(0,9)
          ^ CtrlLBrace '{' (0,10)->(0,11)
  if 1 > 3 {
  ^^ If((1,2)->(1,4))
     ^ LitInt '1' (1,5)->(1,6)
       ^ OpGrt '>' (1,7)->(1,8)
         ^ LitInt '3' (1,9)->(1,10)
           ^ CtrlLBrace '{' (1,11)->(1,12)
    1 + 4;
    ^ LitInt '1' (2,4)->(2,5)
      ^ OpAdd '+' (2,6)->(2,7)
        ^ LitInt '4' (2,8)->(2,9)
         ^ CtrlSemiColon ';' (2,9)->(2,10)
  } else {
  ^ CtrlRBrace '}' (3,2)->(3,3)
    ^^^^ Else((3,4)->(3,8))
         ^ CtrlLBrace '{' (3,9)->(3,10)
    100 + 2;
    ^^^ LitInt '100' (4,4)->(4,7)
        ^ OpAdd '+' (4,8)->(4,9)
          ^ LitInt '2' (4,10)->(4,11)
           ^ CtrlSemiColon ';' (4,11)->(4,12)
  }
  ^ CtrlRBrace '}' (5,2)->(5,3)
}
^ CtrlRBrace '}' (6,0)->(6,1)

